// Vitest Snapshot v1, https://vitest.dev/guide/snapshot.html

exports[`Socials > load socials 1`] = `
<div
  className="mt-2 flex flex-row flex-wrap gap-y-1"
>
  <a
    className="inline-flex px-3 py-2 mr-2 rounded-md bg-gray-50 transition-colors decoration-none hover:bg-gray-700 dark:hover:bg-white dark:hover:text-gray-900 hover:text-white dark:bg-gray-50/10"
    href="https://github.com/lalagis"
    target="_blank"
  >
    <div
      className="text-xl"
    >
      <div
        className="i-akar-icons:github-fill"
      />
    </div>
    <div
      className="text-sm ml-1"
    >
      GitHub
    </div>
  </a>
  <a
    className="inline-flex px-3 py-2 mr-2 rounded-md bg-gray-50 transition-colors decoration-none hover:bg-[#5D32B5] dark:hover:bg-purple dark:hover:text-gray-900 hover:text-white dark:bg-gray-50/10"
    href=""
    target="_blank"
  >
    <div
      className="text-xl"
    >
      <div
        className="i-simple-icons:obsidian"
      />
    </div>
    <div
      className="text-sm ml-1"
    >
      Docs&Blogs(暂不部署)
    </div>
  </a>
  <a
    className="inline-flex px-3 py-2 mr-2 rounded-md bg-gray-50 transition-colors decoration-none hover:bg-[#ea4c89] hover:text-white dark:bg-gray-50/10"
    href="https://dribbble.com/Cirno339"
    target="_blank"
  >
    <div
      className="text-xl"
    >
      <div
        className="i-akar-icons:dribbble-fill"
      />
    </div>
  </a>
  <a
    className="inline-flex px-3 py-2 mr-2 rounded-md bg-gray-50 transition-colors decoration-none hover:bg-[#f7c104] hover:text-white dark:bg-gray-50/10"
    href="https://www.figma.com/@cirno339"
    target="_blank"
  >
    <div
      className="text-xl"
    >
      <div
        className="i-akar-icons:figma-fill"
      />
    </div>
  </a>
  <a
    className="inline-flex px-3 py-2 mr-2 rounded-md bg-gray-50 transition-colors decoration-none hover:bg-[#fb7299] hover:text-white dark:bg-gray-50/10"
    href="https://space.bilibili.com/11636897"
    target="_blank"
  >
    <div
      className="text-xl"
    >
      <div
        className="i-simple-icons:bilibili"
      />
    </div>
  </a>
  <a
    className="inline-flex px-3 py-2 mr-2 rounded-md bg-gray-50 transition-colors decoration-none hover:bg-[#1b2838] hover:text-white dark:bg-gray-50/10"
    href="https://steamcommunity.com/id/WWWW1123"
    target="_blank"
  >
    <div
      className="text-xl"
    >
      <div
        className="i-simple-icons:steam"
      />
    </div>
  </a>
</div>
`;
